21:42:05 **** Incremental Build of configuration Debug for project 6 ****
make -j8 all 
arm-none-eabi-gcc "../Core/Src/main.c" -mcpu=cortex-m3 -std=gnu11 -g3 -DDEBUG -DUSE_HAL_DRIVER -DSTM32F103xB -c -I../Core/Inc -I../Drivers/STM32F1xx_HAL_Driver/Inc/Legacy -I../Drivers/STM32F1xx_HAL_Driver/Inc -I../Drivers/CMSIS/Device/ST/STM32F1xx/Include -I../Drivers/CMSIS/Include -O0 -ffunction-sections -fdata-sections -Wall -fstack-usage -fcyclomatic-complexity -MMD -MP -MF"Core/Src/main.d" -MT"Core/Src/main.o" --specs=nano.specs -mfloat-abi=soft -mthumb -o "Core/Src/main.o"
arm-none-eabi-gcc -o "6.elf" @"objects.list"   -mcpu=cortex-m3 -T"C:\Users\Aliba\OneDrive\Desktop\6\STM32F103C8TX_FLASH.ld" --specs=nosys.specs -Wl,-Map="6.map" -Wl,--gc-sections -static --specs=nano.specs -mfloat-abi=soft -mthumb -Wl,--start-group -lc -lm -Wl,--end-group
Finished building target: 6.elf
 
arm-none-eabi-size   6.elf 
arm-none-eabi-objdump -h -S  6.elf  > "6.list"
   text	   data	    bss	    dec	    hex	filename
   4444	     20	   1572	   6036	   1794	6.elf
Finished building: default.size.stdout
 
Finished building: 6.list
 

21:42:06 Build Finished. 0 errors, 0 warnings. (took 1s.177ms)

