../Core/Src/stm32f1xx_it.c:60:6:NMI_Handler	4	static
../Core/Src/stm32f1xx_it.c:75:6:HardFault_Handler	4	static
../Core/Src/stm32f1xx_it.c:90:6:MemManage_Handler	4	static
../Core/Src/stm32f1xx_it.c:105:6:BusFault_Handler	4	static
../Core/Src/stm32f1xx_it.c:120:6:UsageFault_Handler	4	static
../Core/Src/stm32f1xx_it.c:135:6:SVC_Handler	4	static
../Core/Src/stm32f1xx_it.c:148:6:DebugMon_Handler	4	static
../Core/Src/stm32f1xx_it.c:161:6:PendSV_Handler	4	static
../Core/Src/stm32f1xx_it.c:174:6:SysTick_Handler	8	static
